usbd_conf.c:117:6:HAL_PCD_SetupStageCallback	16	static
usbd_conf.c:128:6:HAL_PCD_DataOutStageCallback	16	static
usbd_conf.c:139:6:HAL_PCD_DataInStageCallback	16	static
usbd_conf.c:149:6:HAL_PCD_SOFCallback	16	static
usbd_conf.c:159:6:HAL_PCD_ResetCallback	24	static
usbd_conf.c:186:6:HAL_PCD_SuspendCallback	16	static
usbd_conf.c:206:6:HAL_PCD_ResumeCallback	16	static
usbd_conf.c:228:6:HAL_PCD_ISOOUTIncompleteCallback	16	static
usbd_conf.c:239:6:HAL_PCD_ISOINIncompleteCallback	16	static
usbd_conf.c:249:6:HAL_PCD_ConnectCallback	16	static
usbd_conf.c:259:6:HAL_PCD_DisconnectCallback	16	static
usbd_conf.c:273:21:USBD_LL_Init	16	static
usbd_conf.c:305:21:USBD_LL_DeInit	24	static
usbd_conf.c:337:21:USBD_LL_Start	24	static
usbd_conf.c:369:21:USBD_LL_Stop	24	static
usbd_conf.c:404:21:USBD_LL_OpenEP	24	static
usbd_conf.c:444:21:USBD_LL_CloseEP	24	static
usbd_conf.c:477:21:USBD_LL_FlushEP	24	static
usbd_conf.c:510:21:USBD_LL_StallEP	24	static
usbd_conf.c:543:21:USBD_LL_ClearStallEP	24	static
usbd_conf.c:576:9:USBD_LL_IsStallEP	24	static
usbd_conf.c:595:21:USBD_LL_SetUSBAddress	24	static
usbd_conf.c:630:21:USBD_LL_Transmit	32	static
usbd_conf.c:668:21:USBD_LL_PrepareReceive	32	static
usbd_conf.c:704:10:USBD_LL_GetRxDataSize	16	static
usbd_conf.c:714:7:USBD_LL_Delay	16	static
usbd_conf.c:724:7:USBD_static_malloc	16	static
usbd_conf.c:746:6:USBD_static_free	16	static
usbd_conf.c:758:13:SystemClockConfig_Resume	8	static
usbd_conf.c:770:6:HAL_PCDEx_SetConnectionState	16	static
