Archive member included to satisfy reference by file (symbol)

/opt/st/stm32cubeide_1.6.1/plugins/com.st.stm32cube.ide.mcu.externaltools.gnu-tools-for-stm32.9-2020-q2-update.linux64_1.5.0.202011040924/tools/bin/../lib/gcc/arm-none-eabi/9.3.1/../../../../arm-none-eabi/lib/thumb/v7e-m+fp/hard/libc_nano.a(lib_a-errno.o)
                              Core/Src/syscalls.o (__errno)
/opt/st/stm32cubeide_1.6.1/plugins/com.st.stm32cube.ide.mcu.externaltools.gnu-tools-for-stm32.9-2020-q2-update.linux64_1.5.0.202011040924/tools/bin/../lib/gcc/arm-none-eabi/9.3.1/../../../../arm-none-eabi/lib/thumb/v7e-m+fp/hard/libc_nano.a(lib_a-exit.o)
                              /opt/st/stm32cubeide_1.6.1/plugins/com.st.stm32cube.ide.mcu.externaltools.gnu-tools-for-stm32.9-2020-q2-update.linux64_1.5.0.202011040924/tools/bin/../lib/gcc/arm-none-eabi/9.3.1/../../../../arm-none-eabi/lib/thumb/v7e-m+fp/hard/crt0.o (exit)
/opt/st/stm32cubeide_1.6.1/plugins/com.st.stm32cube.ide.mcu.externaltools.gnu-tools-for-stm32.9-2020-q2-update.linux64_1.5.0.202011040924/tools/bin/../lib/gcc/arm-none-eabi/9.3.1/../../../../arm-none-eabi/lib/thumb/v7e-m+fp/hard/libc_nano.a(lib_a-impure.o)
                              /opt/st/stm32cubeide_1.6.1/plugins/com.st.stm32cube.ide.mcu.externaltools.gnu-tools-for-stm32.9-2020-q2-update.linux64_1.5.0.202011040924/tools/bin/../lib/gcc/arm-none-eabi/9.3.1/../../../../arm-none-eabi/lib/thumb/v7e-m+fp/hard/libc_nano.a(lib_a-exit.o) (_global_impure_ptr)
/opt/st/stm32cubeide_1.6.1/plugins/com.st.stm32cube.ide.mcu.externaltools.gnu-tools-for-stm32.9-2020-q2-update.linux64_1.5.0.202011040924/tools/bin/../lib/gcc/arm-none-eabi/9.3.1/../../../../arm-none-eabi/lib/thumb/v7e-m+fp/hard/libc_nano.a(lib_a-init.o)
                              /opt/st/stm32cubeide_1.6.1/plugins/com.st.stm32cube.ide.mcu.externaltools.gnu-tools-for-stm32.9-2020-q2-update.linux64_1.5.0.202011040924/tools/bin/../lib/gcc/arm-none-eabi/9.3.1/../../../../arm-none-eabi/lib/thumb/v7e-m+fp/hard/crt0.o (__libc_init_array)
/opt/st/stm32cubeide_1.6.1/plugins/com.st.stm32cube.ide.mcu.externaltools.gnu-tools-for-stm32.9-2020-q2-update.linux64_1.5.0.202011040924/tools/bin/../lib/gcc/arm-none-eabi/9.3.1/../../../../arm-none-eabi/lib/thumb/v7e-m+fp/hard/libc_nano.a(lib_a-memset.o)
                              /opt/st/stm32cubeide_1.6.1/plugins/com.st.stm32cube.ide.mcu.externaltools.gnu-tools-for-stm32.9-2020-q2-update.linux64_1.5.0.202011040924/tools/bin/../lib/gcc/arm-none-eabi/9.3.1/../../../../arm-none-eabi/lib/thumb/v7e-m+fp/hard/crt0.o (memset)

Allocating common symbols
Common symbol       size              file

hUsbDeviceFS        0x224             Core/Src/usb_device.o
n                   0x4               Core/Src/main.o
slave_address       0x40              Core/Src/main.o
hi2c1               0x4c              Core/Src/main.o
uwTick              0x4               Drivers/STM32L4xx_HAL_Driver/Src/stm32l4xx_hal.o
hpcd_USB_FS         0x2f4             Core/Src/main.o
USBD_StrDesc        0x200             Core/Src/usbd_desc.o
exti_msg            0xc               Core/Src/main.o

Discarded input sections

 .text          0x0000000000000000        0x0 /opt/st/stm32cubeide_1.6.1/plugins/com.st.stm32cube.ide.mcu.externaltools.gnu-tools-for-stm32.9-2020-q2-update.linux64_1.5.0.202011040924/tools/bin/../lib/gcc/arm-none-eabi/9.3.1/thumb/v7e-m+fp/hard/crti.o
 .data          0x0000000000000000        0x0 /opt/st/stm32cubeide_1.6.1/plugins/com.st.stm32cube.ide.mcu.externaltools.gnu-tools-for-stm32.9-2020-q2-update.linux64_1.5.0.202011040924/tools/bin/../lib/gcc/arm-none-eabi/9.3.1/thumb/v7e-m+fp/hard/crti.o
 .bss           0x0000000000000000        0x0 /opt/st/stm32cubeide_1.6.1/plugins/com.st.stm32cube.ide.mcu.externaltools.gnu-tools-for-stm32.9-2020-q2-update.linux64_1.5.0.202011040924/tools/bin/../lib/gcc/arm-none-eabi/9.3.1/thumb/v7e-m+fp/hard/crti.o
 .data          0x0000000000000000        0x4 /opt/st/stm32cubeide_1.6.1/plugins/com.st.stm32cube.ide.mcu.externaltools.gnu-tools-for-stm32.9-2020-q2-update.linux64_1.5.0.202011040924/tools/bin/../lib/gcc/arm-none-eabi/9.3.1/thumb/v7e-m+fp/hard/crtbegin.o
 .text          0x0000000000000000       0x7c /opt/st/stm32cubeide_1.6.1/plugins/com.st.stm32cube.ide.mcu.externaltools.gnu-tools-for-stm32.9-2020-q2-update.linux64_1.5.0.202011040924/tools/bin/../lib/gcc/arm-none-eabi/9.3.1/../../../../arm-none-eabi/lib/thumb/v7e-m+fp/hard/crt0.o
 .data          0x0000000000000000        0x0 /opt/st/stm32cubeide_1.6.1/plugins/com.st.stm32cube.ide.mcu.externaltools.gnu-tools-for-stm32.9-2020-q2-update.linux64_1.5.0.202011040924/tools/bin/../lib/gcc/arm-none-eabi/9.3.1/../../../../arm-none-eabi/lib/thumb/v7e-m+fp/hard/crt0.o
 .bss           0x0000000000000000        0x0 /opt/st/stm32cubeide_1.6.1/plugins/com.st.stm32cube.ide.mcu.externaltools.gnu-tools-for-stm32.9-2020-q2-update.linux64_1.5.0.202011040924/tools/bin/../lib/gcc/arm-none-eabi/9.3.1/../../../../arm-none-eabi/lib/thumb/v7e-m+fp/hard/crt0.o
[...]
Memory Configuration

Name             Origin             Length             Attributes
RAM              0x0000000020000000 0x000000000000a000 xrw
FLASH            0x0000000008000000 0x0000000000020000 xr
*default*        0x0000000000000000 0xffffffffffffffff

Linker script and memory map

LOAD /opt/st/stm32cubeide_1.6.1/plugins/com.st.stm32cube.ide.mcu.externaltools.gnu-tools-for-stm32.9-2020-q2-update.linux64_1.5.0.202011040924/tools/bin/../lib/gcc/arm-none-eabi/9.3.1/thumb/v7e-m+fp/hard/crti.o
LOAD /opt/st/stm32cubeide_1.6.1/plugins/com.st.stm32cube.ide.mcu.externaltools.gnu-tools-for-stm32.9-2020-q2-update.linux64_1.5.0.202011040924/tools/bin/../lib/gcc/arm-none-eabi/9.3.1/thumb/v7e-m+fp/hard/crtbegin.o
LOAD /opt/st/stm32cubeide_1.6.1/plugins/com.st.stm32cube.ide.mcu.externaltools.gnu-tools-for-stm32.9-2020-q2-update.linux64_1.5.0.202011040924/tools/bin/../lib/gcc/arm-none-eabi/9.3.1/../../../../arm-none-eabi/lib/thumb/v7e-m+fp/hard/crt0.o
LOAD Core/Src/main.o
LOAD Core/Src/stm32l4xx_hal_msp.o
LOAD Core/Src/stm32l4xx_it.o
LOAD Core/Src/syscalls.o
LOAD Core/Src/sysmem.o
LOAD Core/Src/system_stm32l4xx.o
LOAD Core/Src/usb_device.o
LOAD Core/Src/usbd_audio.o
LOAD Core/Src/usbd_audio_if.o
LOAD Core/Src/usbd_conf.o
LOAD Core/Src/usbd_core.o
LOAD Core/Src/usbd_ctlreq.o
LOAD Core/Src/usbd_desc.o
LOAD Core/Src/usbd_ioreq.o
LOAD Core/Src/usbd_midi.o
LOAD Core/Src/usbd_midi_if.o
LOAD Core/Startup/startup_stm32l412kbtx.o
LOAD Drivers/STM32L4xx_HAL_Driver/Src/stm32l4xx_hal.o
LOAD Drivers/STM32L4xx_HAL_Driver/Src/stm32l4xx_hal_cortex.o
LOAD Drivers/STM32L4xx_HAL_Driver/Src/stm32l4xx_hal_dma.o
LOAD Drivers/STM32L4xx_HAL_Driver/Src/stm32l4xx_hal_dma_ex.o
LOAD Drivers/STM32L4xx_HAL_Driver/Src/stm32l4xx_hal_exti.o
LOAD Drivers/STM32L4xx_HAL_Driver/Src/stm32l4xx_hal_flash.o
LOAD Drivers/STM32L4xx_HAL_Driver/Src/stm32l4xx_hal_flash_ex.o
LOAD Drivers/STM32L4xx_HAL_Driver/Src/stm32l4xx_hal_flash_ramfunc.o
LOAD Drivers/STM32L4xx_HAL_Driver/Src/stm32l4xx_hal_gpio.o
LOAD Drivers/STM32L4xx_HAL_Driver/Src/stm32l4xx_hal_i2c.o
LOAD Drivers/STM32L4xx_HAL_Driver/Src/stm32l4xx_hal_i2c_ex.o
LOAD Drivers/STM32L4xx_HAL_Driver/Src/stm32l4xx_hal_pcd.o
LOAD Drivers/STM32L4xx_HAL_Driver/Src/stm32l4xx_hal_pcd_ex.o
LOAD Drivers/STM32L4xx_HAL_Driver/Src/stm32l4xx_hal_pwr.o
LOAD Drivers/STM32L4xx_HAL_Driver/Src/stm32l4xx_hal_pwr_ex.o
LOAD Drivers/STM32L4xx_HAL_Driver/Src/stm32l4xx_hal_rcc.o
LOAD Drivers/STM32L4xx_HAL_Driver/Src/stm32l4xx_hal_rcc_ex.o
LOAD Drivers/STM32L4xx_HAL_Driver/Src/stm32l4xx_hal_tim.o
LOAD Drivers/STM32L4xx_HAL_Driver/Src/stm32l4xx_hal_tim_ex.o
LOAD Drivers/STM32L4xx_HAL_Driver/Src/stm32l4xx_ll_usb.o
START GROUP
LOAD /opt/st/stm32cubeide_1.6.1/plugins/com.st.stm32cube.ide.mcu.externaltools.gnu-tools-for-stm32.9-2020-q2-update.linux64_1.5.0.202011040924/tools/bin/../lib/gcc/arm-none-eabi/9.3.1/../../../../arm-none-eabi/lib/thumb/v7e-m+fp/hard/libc_nano.a
LOAD /opt/st/stm32cubeide_1.6.1/plugins/com.st.stm32cube.ide.mcu.externaltools.gnu-tools-for-stm32.9-2020-q2-update.linux64_1.5.0.202011040924/tools/bin/../lib/gcc/arm-none-eabi/9.3.1/../../../../arm-none-eabi/lib/thumb/v7e-m+fp/hard/libm.a
END GROUP
START GROUP
LOAD /opt/st/stm32cubeide_1.6.1/plugins/com.st.stm32cube.ide.mcu.externaltools.gnu-tools-for-stm32.9-2020-q2-update.linux64_1.5.0.202011040924/tools/bin/../lib/gcc/arm-none-eabi/9.3.1/thumb/v7e-m+fp/hard/libgcc.a
LOAD /opt/st/stm32cubeide_1.6.1/plugins/com.st.stm32cube.ide.mcu.externaltools.gnu-tools-for-stm32.9-2020-q2-update.linux64_1.5.0.202011040924/tools/bin/../lib/gcc/arm-none-eabi/9.3.1/../../../../arm-none-eabi/lib/thumb/v7e-m+fp/hard/libc_nano.a
END GROUP
START GROUP
LOAD /opt/st/stm32cubeide_1.6.1/plugins/com.st.stm32cube.ide.mcu.externaltools.gnu-tools-for-stm32.9-2020-q2-update.linux64_1.5.0.202011040924/tools/bin/../lib/gcc/arm-none-eabi/9.3.1/thumb/v7e-m+fp/hard/libgcc.a
LOAD /opt/st/stm32cubeide_1.6.1/plugins/com.st.stm32cube.ide.mcu.externaltools.gnu-tools-for-stm32.9-2020-q2-update.linux64_1.5.0.202011040924/tools/bin/../lib/gcc/arm-none-eabi/9.3.1/../../../../arm-none-eabi/lib/thumb/v7e-m+fp/hard/libc_nano.a
LOAD /opt/st/stm32cubeide_1.6.1/plugins/com.st.stm32cube.ide.mcu.externaltools.gnu-tools-for-stm32.9-2020-q2-update.linux64_1.5.0.202011040924/tools/bin/../lib/gcc/arm-none-eabi/9.3.1/../../../../arm-none-eabi/lib/thumb/v7e-m+fp/hard/libnosys.a
END GROUP
START GROUP
LOAD /opt/st/stm32cubeide_1.6.1/plugins/com.st.stm32cube.ide.mcu.externaltools.gnu-tools-for-stm32.9-2020-q2-update.linux64_1.5.0.202011040924/tools/bin/../lib/gcc/arm-none-eabi/9.3.1/thumb/v7e-m+fp/hard/libgcc.a
LOAD /opt/st/stm32cubeide_1.6.1/plugins/com.st.stm32cube.ide.mcu.externaltools.gnu-tools-for-stm32.9-2020-q2-update.linux64_1.5.0.202011040924/tools/bin/../lib/gcc/arm-none-eabi/9.3.1/../../../../arm-none-eabi/lib/thumb/v7e-m+fp/hard/libc_nano.a
LOAD /opt/st/stm32cubeide_1.6.1/plugins/com.st.stm32cube.ide.mcu.externaltools.gnu-tools-for-stm32.9-2020-q2-update.linux64_1.5.0.202011040924/tools/bin/../lib/gcc/arm-none-eabi/9.3.1/../../../../arm-none-eabi/lib/thumb/v7e-m+fp/hard/libnosys.a
END GROUP
LOAD /opt/st/stm32cubeide_1.6.1/plugins/com.st.stm32cube.ide.mcu.externaltools.gnu-tools-for-stm32.9-2020-q2-update.linux64_1.5.0.202011040924/tools/bin/../lib/gcc/arm-none-eabi/9.3.1/thumb/v7e-m+fp/hard/crtend.o
LOAD /opt/st/stm32cubeide_1.6.1/plugins/com.st.stm32cube.ide.mcu.externaltools.gnu-tools-for-stm32.9-2020-q2-update.linux64_1.5.0.202011040924/tools/bin/../lib/gcc/arm-none-eabi/9.3.1/thumb/v7e-m+fp/hard/crtn.o
                0x000000002000a000                _estack = (ORIGIN (RAM) + LENGTH (RAM))
                0x0000000000000200                _Min_Heap_Size = 0x200
                0x0000000000000400                _Min_Stack_Size = 0x400

.isr_vector     0x0000000008000000      0x18c
                0x0000000008000000                . = ALIGN (0x4)
 *(.isr_vector)
 .isr_vector    0x0000000008000000      0x18c Core/Startup/startup_stm32l412kbtx.o
                0x0000000008000000                g_pfnVectors
                0x000000000800018c                . = ALIGN (0x4)

.text           0x000000000800018c     0x60f0
                0x000000000800018c                . = ALIGN (0x4)
 *(.text)
 .text          0x000000000800018c       0x40 /opt/st/stm32cubeide_1.6.1/plugins/com.st.stm32cube.ide.mcu.externaltools.gnu-tools-for-stm32.9-2020-q2-update.linux64_1.5.0.202011040924/tools/bin/../lib/gcc/arm-none-eabi/9.3.1/thumb/v7e-m+fp/hard/crtbegin.o
 *(.text*)
 .text.main     0x00000000080001cc      0x3a0 Core/Src/main.o
                0x00000000080001cc                main
 .text.SystemClock_Config
                0x000000000800056c       0xe4 Core/Src/main.o
                0x000000000800056c                SystemClock_Config
 .text.MX_I2C1_Init
                0x0000000008000650       0x80 Core/Src/main.o
 .text.MX_GPIO_Init
                0x00000000080006d0       0x98 Core/Src/main.o
 .text.Error_Handler
                0x0000000008000768        0xa Core/Src/main.o
                0x0000000008000768                Error_Handler
 *fill*         0x0000000008000772        0x2 
 .text.HAL_MspInit
                0x0000000008000774       0x48 Core/Src/stm32l4xx_hal_msp.o
                0x0000000008000774                HAL_MspInit
 .text.HAL_I2C_MspInit
                0x00000000080007bc       0x88 Core/Src/stm32l4xx_hal_msp.o
                0x00000000080007bc                HAL_I2C_MspInit
 .text.HAL_PCD_MspInit
                0x0000000008000844       0x88 Core/Src/stm32l4xx_hal_msp.o
                0x0000000008000844                HAL_PCD_MspInit
 .text.NMI_Handler
                0x00000000080008cc        0x6 Core/Src/stm32l4xx_it.o
                0x00000000080008cc                NMI_Handler
 .text.HardFault_Handler
                0x00000000080008d2        0x6 Core/Src/stm32l4xx_it.o
                0x00000000080008d2                HardFault_Handler
 .text.MemManage_Handler
                0x00000000080008d8        0x6 Core/Src/stm32l4xx_it.o
                0x00000000080008d8                MemManage_Handler
 .text.BusFault_Handler
                0x00000000080008de        0x6 Core/Src/stm32l4xx_it.o
                0x00000000080008de                BusFault_Handler
 .text.UsageFault_Handler
                0x00000000080008e4        0x6 Core/Src/stm32l4xx_it.o
                0x00000000080008e4                UsageFault_Handler
 .text.SVC_Handler
                0x00000000080008ea        0xe Core/Src/stm32l4xx_it.o
                0x00000000080008ea                SVC_Handler
 .text.DebugMon_Handler
                0x00000000080008f8        0xe Core/Src/stm32l4xx_it.o
                0x00000000080008f8                DebugMon_Handler
 .text.PendSV_Handler
                0x0000000008000906        0xe Core/Src/stm32l4xx_it.o
                0x0000000008000906                PendSV_Handler
 .text.SysTick_Handler
                0x0000000008000914        0xc Core/Src/stm32l4xx_it.o
                0x0000000008000914                SysTick_Handler
 .text.SystemInit
                0x0000000008000920       0x64 Core/Src/system_stm32l4xx.o
                0x0000000008000920                SystemInit
 .text.MX_USB_DEVICE_Init
                0x0000000008000984       0x38 Core/Src/usb_device.o
                0x0000000008000984                MX_USB_DEVICE_Init
 .text.USBD_LL_Init
                0x00000000080009bc       0xac Core/Src/usbd_conf.o
                0x00000000080009bc                USBD_LL_Init
 .text.USBD_LL_Start
                0x0000000008000a68       0x64 Core/Src/usbd_conf.o
                0x0000000008000a68                USBD_LL_Start
 .text.USBD_LL_OpenEP
                0x0000000008000acc       0x7c Core/Src/usbd_conf.o
                0x0000000008000acc                USBD_LL_OpenEP
 .text.USBD_LL_CloseEP
                0x0000000008000b48       0x6c Core/Src/usbd_conf.o
                0x0000000008000b48                USBD_LL_CloseEP
 .text.USBD_LL_FlushEP
                0x0000000008000bb4       0x6c Core/Src/usbd_conf.o
                0x0000000008000bb4                USBD_LL_FlushEP
 .text.USBD_LL_StallEP
                0x0000000008000c20       0x6c Core/Src/usbd_conf.o
                0x0000000008000c20                USBD_LL_StallEP
 .text.USBD_LL_Transmit
                0x0000000008000c8c       0x74 Core/Src/usbd_conf.o
                0x0000000008000c8c                USBD_LL_Transmit
 .text.USBD_LL_PrepareReceive
                0x0000000008000d00       0x74 Core/Src/usbd_conf.o
                0x0000000008000d00                USBD_LL_PrepareReceive
 .text.USBD_LL_GetRxDataSize
                0x0000000008000d74       0x26 Core/Src/usbd_conf.o
                0x0000000008000d74                USBD_LL_GetRxDataSize
 *fill*         0x0000000008000d9a        0x2 
 .text.USBD_static_malloc
                0x0000000008000d9c       0x1c Core/Src/usbd_conf.o
                0x0000000008000d9c                USBD_static_malloc
 .text.USBD_static_free
                0x0000000008000db8       0x14 Core/Src/usbd_conf.o
                0x0000000008000db8                USBD_static_free
 .text.USBD_Init
                0x0000000008000dcc       0x56 Core/Src/usbd_core.o
                0x0000000008000dcc                USBD_Init
 .text.USBD_RegisterClass
                0x0000000008000e22       0x34 Core/Src/usbd_core.o
                0x0000000008000e22                USBD_RegisterClass
 .text.USBD_Start
                0x0000000008000e56       0x18 Core/Src/usbd_core.o
                0x0000000008000e56                USBD_Start
 .text.USBD_CtlError
                0x0000000008000e6e       0x22 Core/Src/usbd_ctlreq.o
                0x0000000008000e6e                USBD_CtlError
 .text.USBD_GetString
                0x0000000008000e90       0x86 Core/Src/usbd_ctlreq.o
                0x0000000008000e90                USBD_GetString
 .text.USBD_GetLen
                0x0000000008000f16       0x30 Core/Src/usbd_ctlreq.o
 *fill*         0x0000000008000f46        0x2 
 .text.USBD_FS_DeviceDescriptor
                0x0000000008000f48       0x24 Core/Src/usbd_desc.o
                0x0000000008000f48                USBD_FS_DeviceDescriptor
 .text.USBD_FS_LangIDStrDescriptor
                0x0000000008000f6c       0x24 Core/Src/usbd_desc.o
                0x0000000008000f6c                USBD_FS_LangIDStrDescriptor
 .text.USBD_FS_ProductStrDescriptor
                0x0000000008000f90       0x3c Core/Src/usbd_desc.o
                0x0000000008000f90                USBD_FS_ProductStrDescriptor
 .text.USBD_FS_ManufacturerStrDescriptor
                0x0000000008000fcc       0x28 Core/Src/usbd_desc.o
                0x0000000008000fcc                USBD_FS_ManufacturerStrDescriptor
 .text.USBD_FS_SerialStrDescriptor
                0x0000000008000ff4       0x3c Core/Src/usbd_desc.o
                0x0000000008000ff4                USBD_FS_SerialStrDescriptor
 .text.USBD_FS_ConfigStrDescriptor
                0x0000000008001030       0x3c Core/Src/usbd_desc.o
                0x0000000008001030                USBD_FS_ConfigStrDescriptor
 .text.USBD_FS_InterfaceStrDescriptor
                0x000000000800106c       0x3c Core/Src/usbd_desc.o
                0x000000000800106c                USBD_FS_InterfaceStrDescriptor
 .text.USBD_CtlSendData
                0x00000000080010a8       0x38 Core/Src/usbd_ioreq.o
                0x00000000080010a8                USBD_CtlSendData
 .text.USBD_MIDI_Init
                0x00000000080010e0       0xa4 Core/Src/usbd_midi.o
 .text.USBD_MIDI_DeInit
                0x0000000008001184       0x50 Core/Src/usbd_midi.o
 .text.USBD_MIDI_Setup
                0x00000000080011d4       0x88 Core/Src/usbd_midi.o
 .text.USBD_MIDI_GetCfgDesc
                0x000000000800125c       0x20 Core/Src/usbd_midi.o
 .text.USBD_MIDI_DataIn
                0x000000000800127c       0x68 Core/Src/usbd_midi.o
 .text.USBD_MIDI_EP0_RxReady
                0x00000000080012e4       0x16 Core/Src/usbd_midi.o
 .text.USBD_MIDI_EP0_TxReady
                0x00000000080012fa       0x16 Core/Src/usbd_midi.o
 .text.USBD_MIDI_SOF
                0x0000000008001310       0x74 Core/Src/usbd_midi.o
 .text.USBD_MIDI_FlushTX
                0x0000000008001384       0x74 Core/Src/usbd_midi.o
 .text.USBD_MIDI_SetupTransfer
                0x00000000080013f8       0xca Core/Src/usbd_midi.o
 .text.USBD_MIDI_IsoINIncomplete
                0x00000000080014c2       0x1a Core/Src/usbd_midi.o
 .text.USBD_MIDI_IsoOutIncomplete
                0x00000000080014dc       0x1a Core/Src/usbd_midi.o
 .text.USBD_MIDI_DataOut
                0x00000000080014f6       0x7e Core/Src/usbd_midi.o
 .text.USBD_MIDI_GetDeviceQualifierDesc
                0x0000000008001574       0x20 Core/Src/usbd_midi.o
 .text.USBD_MIDI_RegisterInterface
                0x0000000008001594       0x26 Core/Src/usbd_midi.o
                0x0000000008001594                USBD_MIDI_RegisterInterface
 .text.USBD_MIDI_SendEvent
                0x00000000080015ba       0x82 Core/Src/usbd_midi.o
                0x00000000080015ba                USBD_MIDI_SendEvent
 .text.MIDI_Init_FS
                0x000000000800163c       0x16 Core/Src/usbd_midi_if.o
 .text.MIDI_DeInit_FS
                0x0000000008001652       0x16 Core/Src/usbd_midi_if.o
 .text.MIDI_EventOUT_FS
                0x0000000008001668       0x44 Core/Src/usbd_midi_if.o
 .text.MIDI_StatusTX_FS
                0x00000000080016ac       0x18 Core/Src/usbd_midi_if.o
 .text.Reset_Handler
                0x00000000080016c4       0x50 Core/Startup/startup_stm32l412kbtx.o
                0x00000000080016c4                Reset_Handler
 .text.Default_Handler
                0x0000000008001714        0x2 Core/Startup/startup_stm32l412kbtx.o
                0x0000000008001714                RTC_Alarm_IRQHandler
                0x0000000008001714                EXTI2_IRQHandler
                0x0000000008001714                TIM1_CC_IRQHandler
                0x0000000008001714                TSC_IRQHandler
                0x0000000008001714                TIM6_IRQHandler
                0x0000000008001714                TAMP_STAMP_IRQHandler
                0x0000000008001714                EXTI3_IRQHandler
                0x0000000008001714                LPTIM2_IRQHandler
                0x0000000008001714                I2C3_ER_IRQHandler
                0x0000000008001714                EXTI0_IRQHandler
                0x0000000008001714                I2C2_EV_IRQHandler
                0x0000000008001714                FPU_IRQHandler
                0x0000000008001714                TIM1_UP_TIM16_IRQHandler
                0x0000000008001714                ADC1_2_IRQHandler
                0x0000000008001714                SPI1_IRQHandler
                0x0000000008001714                DMA2_Channel2_IRQHandler
                0x0000000008001714                DMA1_Channel4_IRQHandler
                0x0000000008001714                USART3_IRQHandler
                0x0000000008001714                DMA1_Channel7_IRQHandler
                0x0000000008001714                DMA2_Channel1_IRQHandler
                0x0000000008001714                QUADSPI_IRQHandler
                0x0000000008001714                I2C1_EV_IRQHandler
                0x0000000008001714                DMA1_Channel6_IRQHandler
                0x0000000008001714                DMA2_Channel4_IRQHandler
                0x0000000008001714                RCC_IRQHandler
                0x0000000008001714                TIM1_TRG_COM_IRQHandler
                0x0000000008001714                DMA1_Channel1_IRQHandler
                0x0000000008001714                Default_Handler
                0x0000000008001714                DMA2_Channel7_IRQHandler
                0x0000000008001714                EXTI15_10_IRQHandler
                0x0000000008001714                I2C3_EV_IRQHandler
                0x0000000008001714                USB_IRQHandler
                0x0000000008001714                EXTI9_5_IRQHandler
                0x0000000008001714                RTC_WKUP_IRQHandler
                0x0000000008001714                PVD_PVM_IRQHandler
                0x0000000008001714                SPI2_IRQHandler
                0x0000000008001714                DMA2_Channel5_IRQHandler
                0x0000000008001714                CRS_IRQHandler
                0x0000000008001714                DMA1_Channel5_IRQHandler
                0x0000000008001714                EXTI4_IRQHandler
                0x0000000008001714                RNG_IRQHandler
                0x0000000008001714                DMA1_Channel3_IRQHandler
                0x0000000008001714                COMP_IRQHandler
                0x0000000008001714                WWDG_IRQHandler
                0x0000000008001714                LPUART1_IRQHandler
                0x0000000008001714                DMA2_Channel6_IRQHandler
                0x0000000008001714                TIM2_IRQHandler
                0x0000000008001714                EXTI1_IRQHandler
                0x0000000008001714                USART2_IRQHandler
                0x0000000008001714                I2C2_ER_IRQHandler
                0x0000000008001714                DMA1_Channel2_IRQHandler
                0x0000000008001714                FLASH_IRQHandler
                0x0000000008001714                USART1_IRQHandler
                0x0000000008001714                I2C1_ER_IRQHandler
                0x0000000008001714                LPTIM1_IRQHandler
                0x0000000008001714                DMA2_Channel3_IRQHandler
                0x0000000008001714                TIM1_BRK_TIM15_IRQHandler
 .text.HAL_Init
                0x0000000008001716       0x30 Drivers/STM32L4xx_HAL_Driver/Src/stm32l4xx_hal.o
                0x0000000008001716                HAL_Init
 *fill*         0x0000000008001746        0x2 
 .text.HAL_InitTick
                0x0000000008001748       0x78 Drivers/STM32L4xx_HAL_Driver/Src/stm32l4xx_hal.o
                0x0000000008001748                HAL_InitTick
 .text.HAL_IncTick
                0x00000000080017c0       0x28 Drivers/STM32L4xx_HAL_Driver/Src/stm32l4xx_hal.o
                0x00000000080017c0                HAL_IncTick
 .text.HAL_GetTick
                0x00000000080017e8       0x18 Drivers/STM32L4xx_HAL_Driver/Src/stm32l4xx_hal.o
                0x00000000080017e8                HAL_GetTick
 .text.HAL_Delay
                0x0000000008001800       0x48 Drivers/STM32L4xx_HAL_Driver/Src/stm32l4xx_hal.o
                0x0000000008001800                HAL_Delay
 .text.__NVIC_SetPriorityGrouping
                0x0000000008001848       0x48 Drivers/STM32L4xx_HAL_Driver/Src/stm32l4xx_hal_cortex.o
 .text.__NVIC_GetPriorityGrouping
                0x0000000008001890       0x1c Drivers/STM32L4xx_HAL_Driver/Src/stm32l4xx_hal_cortex.o
 .text.__NVIC_SetPriority
                0x00000000080018ac       0x54 Drivers/STM32L4xx_HAL_Driver/Src/stm32l4xx_hal_cortex.o
 .text.NVIC_EncodePriority
                0x0000000008001900       0x66 Drivers/STM32L4xx_HAL_Driver/Src/stm32l4xx_hal_cortex.o
 *fill*         0x0000000008001966        0x2 
 .text.SysTick_Config
                0x0000000008001968       0x44 Drivers/STM32L4xx_HAL_Driver/Src/stm32l4xx_hal_cortex.o
 .text.HAL_NVIC_SetPriorityGrouping
                0x00000000080019ac       0x16 Drivers/STM32L4xx_HAL_Driver/Src/stm32l4xx_hal_cortex.o
                0x00000000080019ac                HAL_NVIC_SetPriorityGrouping
 .text.HAL_NVIC_SetPriority
                0x00000000080019c2       0x38 Drivers/STM32L4xx_HAL_Driver/Src/stm32l4xx_hal_cortex.o
                0x00000000080019c2                HAL_NVIC_SetPriority
 .text.HAL_SYSTICK_Config
                0x00000000080019fa       0x18 Drivers/STM32L4xx_HAL_Driver/Src/stm32l4xx_hal_cortex.o
                0x00000000080019fa                HAL_SYSTICK_Config
 *fill*         0x0000000008001a12        0x2 
 .text.HAL_GPIO_Init
                0x0000000008001a14      0x2e4 Drivers/STM32L4xx_HAL_Driver/Src/stm32l4xx_hal_gpio.o
                0x0000000008001a14                HAL_GPIO_Init
 .text.HAL_GPIO_ReadPin
                0x0000000008001cf8       0x30 Drivers/STM32L4xx_HAL_Driver/Src/stm32l4xx_hal_gpio.o
                0x0000000008001cf8                HAL_GPIO_ReadPin
 .text.HAL_GPIO_WritePin
                0x0000000008001d28       0x30 Drivers/STM32L4xx_HAL_Driver/Src/stm32l4xx_hal_gpio.o
                0x0000000008001d28                HAL_GPIO_WritePin
 .text.HAL_GPIO_TogglePin
                0x0000000008001d58       0x34 Drivers/STM32L4xx_HAL_Driver/Src/stm32l4xx_hal_gpio.o
                0x0000000008001d58                HAL_GPIO_TogglePin
 .text.HAL_I2C_Init
                0x0000000008001d8c      0x11e Drivers/STM32L4xx_HAL_Driver/Src/stm32l4xx_hal_i2c.o
                0x0000000008001d8c                HAL_I2C_Init
 *fill*         0x0000000008001eaa        0x2 
 .text.HAL_I2C_Master_Receive
                0x0000000008001eac      0x1ec Drivers/STM32L4xx_HAL_Driver/Src/stm32l4xx_hal_i2c.o
                0x0000000008001eac                HAL_I2C_Master_Receive
 .text.HAL_I2C_Slave_Transmit
                0x0000000008002098      0x212 Drivers/STM32L4xx_HAL_Driver/Src/stm32l4xx_hal_i2c.o
                0x0000000008002098                HAL_I2C_Slave_Transmit
 .text.I2C_Flush_TXDR
                0x00000000080022aa       0x48 Drivers/STM32L4xx_HAL_Driver/Src/stm32l4xx_hal_i2c.o
 .text.I2C_WaitOnFlagUntilTimeout
                0x00000000080022f2       0x80 Drivers/STM32L4xx_HAL_Driver/Src/stm32l4xx_hal_i2c.o
 .text.I2C_WaitOnTXISFlagUntilTimeout
                0x0000000008002372       0x80 Drivers/STM32L4xx_HAL_Driver/Src/stm32l4xx_hal_i2c.o
 .text.I2C_WaitOnSTOPFlagUntilTimeout
                0x00000000080023f2       0x78 Drivers/STM32L4xx_HAL_Driver/Src/stm32l4xx_hal_i2c.o
 *fill*         0x000000000800246a        0x2 
 .text.I2C_WaitOnRXNEFlagUntilTimeout
                0x000000000800246c       0xd8 Drivers/STM32L4xx_HAL_Driver/Src/stm32l4xx_hal_i2c.o
 .text.I2C_IsAcknowledgeFailed
                0x0000000008002544       0xcc Drivers/STM32L4xx_HAL_Driver/Src/stm32l4xx_hal_i2c.o
 .text.I2C_TransferConfig
                0x0000000008002610       0x5c Drivers/STM32L4xx_HAL_Driver/Src/stm32l4xx_hal_i2c.o
 .text.HAL_I2CEx_ConfigAnalogFilter
                0x000000000800266c       0x96 Drivers/STM32L4xx_HAL_Driver/Src/stm32l4xx_hal_i2c_ex.o
                0x000000000800266c                HAL_I2CEx_ConfigAnalogFilter
 .text.HAL_I2CEx_ConfigDigitalFilter
                0x0000000008002702       0x98 Drivers/STM32L4xx_HAL_Driver/Src/stm32l4xx_hal_i2c_ex.o
                0x0000000008002702                HAL_I2CEx_ConfigDigitalFilter
 .text.HAL_PCD_Init
                0x000000000800279a      0x224 Drivers/STM32L4xx_HAL_Driver/Src/stm32l4xx_hal_pcd.o
                0x000000000800279a                HAL_PCD_Init
 .text.HAL_PCD_Start
                0x00000000080029be       0x44 Drivers/STM32L4xx_HAL_Driver/Src/stm32l4xx_hal_pcd.o
                0x00000000080029be                HAL_PCD_Start
 .text.HAL_PCD_EP_Open
                0x0000000008002a02       0xcc Drivers/STM32L4xx_HAL_Driver/Src/stm32l4xx_hal_pcd.o
                0x0000000008002a02                HAL_PCD_EP_Open
 .text.HAL_PCD_EP_Close
                0x0000000008002ace       0x90 Drivers/STM32L4xx_HAL_Driver/Src/stm32l4xx_hal_pcd.o
                0x0000000008002ace                HAL_PCD_EP_Close
 .text.HAL_PCD_EP_Receive
                0x0000000008002b5e       0x7a Drivers/STM32L4xx_HAL_Driver/Src/stm32l4xx_hal_pcd.o
                0x0000000008002b5e                HAL_PCD_EP_Receive
 .text.HAL_PCD_EP_GetRxCount
                0x0000000008002bd8       0x30 Drivers/STM32L4xx_HAL_Driver/Src/stm32l4xx_hal_pcd.o
                0x0000000008002bd8                HAL_PCD_EP_GetRxCount
 .text.HAL_PCD_EP_Transmit
                0x0000000008002c08       0x86 Drivers/STM32L4xx_HAL_Driver/Src/stm32l4xx_hal_pcd.o
                0x0000000008002c08                HAL_PCD_EP_Transmit
 .text.HAL_PCD_EP_SetStall
                0x0000000008002c8e       0xc0 Drivers/STM32L4xx_HAL_Driver/Src/stm32l4xx_hal_pcd.o
                0x0000000008002c8e                HAL_PCD_EP_SetStall
 .text.HAL_PCD_EP_Flush
                0x0000000008002d4e       0x5a Drivers/STM32L4xx_HAL_Driver/Src/stm32l4xx_hal_pcd.o
                0x0000000008002d4e                HAL_PCD_EP_Flush
 .text.HAL_PCDEx_PMAConfig
                0x0000000008002da8       0x86 Drivers/STM32L4xx_HAL_Driver/Src/stm32l4xx_hal_pcd_ex.o
                0x0000000008002da8                HAL_PCDEx_PMAConfig
 .text.HAL_PCDEx_ActivateLPM
                0x0000000008002e2e       0x54 Drivers/STM32L4xx_HAL_Driver/Src/stm32l4xx_hal_pcd_ex.o
                0x0000000008002e2e                HAL_PCDEx_ActivateLPM
 *fill*         0x0000000008002e82        0x2 
 .text.HAL_PWREx_GetVoltageRange
                0x0000000008002e84       0x1c Drivers/STM32L4xx_HAL_Driver/Src/stm32l4xx_hal_pwr_ex.o
                0x0000000008002e84                HAL_PWREx_GetVoltageRange
 .text.HAL_PWREx_ControlVoltageScaling
                0x0000000008002ea0       0xac Drivers/STM32L4xx_HAL_Driver/Src/stm32l4xx_hal_pwr_ex.o
                0x0000000008002ea0                HAL_PWREx_ControlVoltageScaling
 .text.HAL_RCC_OscConfig
                0x0000000008002f4c      0x8cc Drivers/STM32L4xx_HAL_Driver/Src/stm32l4xx_hal_rcc.o
                0x0000000008002f4c                HAL_RCC_OscConfig
 .text.HAL_RCC_ClockConfig
                0x0000000008003818      0x1c4 Drivers/STM32L4xx_HAL_Driver/Src/stm32l4xx_hal_rcc.o
                0x0000000008003818                HAL_RCC_ClockConfig
 .text.HAL_RCC_GetSysClockFreq
                0x00000000080039dc      0x118 Drivers/STM32L4xx_HAL_Driver/Src/stm32l4xx_hal_rcc.o
                0x00000000080039dc                HAL_RCC_GetSysClockFreq
 .text.RCC_SetFlashLatencyFromMSIRange
                0x0000000008003af4       0xc0 Drivers/STM32L4xx_HAL_Driver/Src/stm32l4xx_hal_rcc.o
 .text.HAL_RCCEx_PeriphCLKConfig
                0x0000000008003bb4      0x30c Drivers/STM32L4xx_HAL_Driver/Src/stm32l4xx_hal_rcc_ex.o
                0x0000000008003bb4                HAL_RCCEx_PeriphCLKConfig
 .text.USB_CoreInit
                0x0000000008003ec0       0x22 Drivers/STM32L4xx_HAL_Driver/Src/stm32l4xx_ll_usb.o
                0x0000000008003ec0                USB_CoreInit
 .text.USB_EnableGlobalInt
                0x0000000008003ee2       0x2e Drivers/STM32L4xx_HAL_Driver/Src/stm32l4xx_ll_usb.o
                0x0000000008003ee2                USB_EnableGlobalInt
 .text.USB_DisableGlobalInt
                0x0000000008003f10       0x36 Drivers/STM32L4xx_HAL_Driver/Src/stm32l4xx_ll_usb.o
                0x0000000008003f10                USB_DisableGlobalInt
 .text.USB_SetCurrentMode
                0x0000000008003f46       0x1a Drivers/STM32L4xx_HAL_Driver/Src/stm32l4xx_ll_usb.o
                0x0000000008003f46                USB_SetCurrentMode
 .text.USB_DevInit
                0x0000000008003f60       0x42 Drivers/STM32L4xx_HAL_Driver/Src/stm32l4xx_ll_usb.o
                0x0000000008003f60                USB_DevInit
 .text.USB_FlushTxFifo
                0x0000000008003fa2       0x18 Drivers/STM32L4xx_HAL_Driver/Src/stm32l4xx_ll_usb.o
                0x0000000008003fa2                USB_FlushTxFifo
 .text.USB_FlushRxFifo
                0x0000000008003fba       0x16 Drivers/STM32L4xx_HAL_Driver/Src/stm32l4xx_ll_usb.o
                0x0000000008003fba                USB_FlushRxFifo
 .text.USB_ActivateEndpoint
                0x0000000008003fd0      0x6dc Drivers/STM32L4xx_HAL_Driver/Src/stm32l4xx_ll_usb.o
                0x0000000008003fd0                USB_ActivateEndpoint
 .text.USB_DeactivateEndpoint
                0x00000000080046ac      0x3da Drivers/STM32L4xx_HAL_Driver/Src/stm32l4xx_ll_usb.o
                0x00000000080046ac                USB_DeactivateEndpoint
 .text.USB_EPStartXfer
                0x0000000008004a86     0x15ee Drivers/STM32L4xx_HAL_Driver/Src/stm32l4xx_ll_usb.o
                0x0000000008004a86                USB_EPStartXfer
 .text.USB_EPSetStall
                0x0000000008006074       0xa2 Drivers/STM32L4xx_HAL_Driver/Src/stm32l4xx_ll_usb.o
                0x0000000008006074                USB_EPSetStall
 .text.USB_DevConnect
                0x0000000008006116       0x2e Drivers/STM32L4xx_HAL_Driver/Src/stm32l4xx_ll_usb.o
                0x0000000008006116                USB_DevConnect
 .text.USB_DevDisconnect
                0x0000000008006144       0x2a Drivers/STM32L4xx_HAL_Driver/Src/stm32l4xx_ll_usb.o
                0x0000000008006144                USB_DevDisconnect
 .text.USB_EP0_OutStart
                0x000000000800616e       0x18 Drivers/STM32L4xx_HAL_Driver/Src/stm32l4xx_ll_usb.o
                0x000000000800616e                USB_EP0_OutStart
 .text.USB_WritePMA
                0x0000000008006186       0x84 Drivers/STM32L4xx_HAL_Driver/Src/stm32l4xx_ll_usb.o
                0x0000000008006186                USB_WritePMA
 *fill*         0x000000000800620a        0x2 
 .text.__libc_init_array
                0x000000000800620c       0x48 /opt/st/stm32cubeide_1.6.1/plugins/com.st.stm32cube.ide.mcu.externaltools.gnu-tools-for-stm32.9-2020-q2-update.linux64_1.5.0.202011040924/tools/bin/../lib/gcc/arm-none-eabi/9.3.1/../../../../arm-none-eabi/lib/thumb/v7e-m+fp/hard/libc_nano.a(lib_a-init.o)
                0x000000000800620c                __libc_init_array
 .text.memset   0x0000000008006254       0x10 /opt/st/stm32cubeide_1.6.1/plugins/com.st.stm32cube.ide.mcu.externaltools.gnu-tools-for-stm32.9-2020-q2-update.linux64_1.5.0.202011040924/tools/bin/../lib/gcc/arm-none-eabi/9.3.1/../../../../arm-none-eabi/lib/thumb/v7e-m+fp/hard/libc_nano.a(lib_a-memset.o)
                0x0000000008006254                memset
 *(.glue_7)
 .glue_7        0x0000000008006264        0x0 linker stubs
 *(.glue_7t)
 .glue_7t       0x0000000008006264        0x0 linker stubs
 *(.eh_frame)
 .eh_frame      0x0000000008006264        0x0 /opt/st/stm32cubeide_1.6.1/plugins/com.st.stm32cube.ide.mcu.externaltools.gnu-tools-for-stm32.9-2020-q2-update.linux64_1.5.0.202011040924/tools/bin/../lib/gcc/arm-none-eabi/9.3.1/thumb/v7e-m+fp/hard/crtbegin.o
 *(.init)
 .init          0x0000000008006264        0x4 /opt/st/stm32cubeide_1.6.1/plugins/com.st.stm32cube.ide.mcu.externaltools.gnu-tools-for-stm32.9-2020-q2-update.linux64_1.5.0.202011040924/tools/bin/../lib/gcc/arm-none-eabi/9.3.1/thumb/v7e-m+fp/hard/crti.o
                0x0000000008006264                _init
 .init          0x0000000008006268        0x8 /opt/st/stm32cubeide_1.6.1/plugins/com.st.stm32cube.ide.mcu.externaltools.gnu-tools-for-stm32.9-2020-q2-update.linux64_1.5.0.202011040924/tools/bin/../lib/gcc/arm-none-eabi/9.3.1/thumb/v7e-m+fp/hard/crtn.o
 *(.fini)
 .fini          0x0000000008006270        0x4 /opt/st/stm32cubeide_1.6.1/plugins/com.st.stm32cube.ide.mcu.externaltools.gnu-tools-for-stm32.9-2020-q2-update.linux64_1.5.0.202011040924/tools/bin/../lib/gcc/arm-none-eabi/9.3.1/thumb/v7e-m+fp/hard/crti.o
                0x0000000008006270                _fini
 .fini          0x0000000008006274        0x8 /opt/st/stm32cubeide_1.6.1/plugins/com.st.stm32cube.ide.mcu.externaltools.gnu-tools-for-stm32.9-2020-q2-update.linux64_1.5.0.202011040924/tools/bin/../lib/gcc/arm-none-eabi/9.3.1/thumb/v7e-m+fp/hard/crtn.o
                0x000000000800627c                . = ALIGN (0x4)
                0x000000000800627c                _etext = .

.vfp11_veneer   0x000000000800627c        0x0
 .vfp11_veneer  0x000000000800627c        0x0 linker stubs

.v4_bx          0x000000000800627c        0x0
 .v4_bx         0x000000000800627c        0x0 linker stubs

.iplt           0x000000000800627c        0x0
 .iplt          0x000000000800627c        0x0 /opt/st/stm32cubeide_1.6.1/plugins/com.st.stm32cube.ide.mcu.externaltools.gnu-tools-for-stm32.9-2020-q2-update.linux64_1.5.0.202011040924/tools/bin/../lib/gcc/arm-none-eabi/9.3.1/thumb/v7e-m+fp/hard/crtbegin.o

.rodata         0x000000000800627c       0x98
                0x000000000800627c                . = ALIGN (0x4)
 *(.rodata)
 .rodata        0x000000000800627c       0x58 Core/Src/usbd_desc.o
 *(.rodata*)
 .rodata.AHBPrescTable
                0x00000000080062d4       0x10 Core/Src/system_stm32l4xx.o
                0x00000000080062d4                AHBPrescTable
 .rodata.MSIRangeTable
                0x00000000080062e4       0x30 Core/Src/system_stm32l4xx.o
                0x00000000080062e4                MSIRangeTable
                0x0000000008006314                . = ALIGN (0x4)

.rel.dyn        0x0000000008006314        0x0
 .rel.iplt      0x0000000008006314        0x0 /opt/st/stm32cubeide_1.6.1/plugins/com.st.stm32cube.ide.mcu.externaltools.gnu-tools-for-stm32.9-2020-q2-update.linux64_1.5.0.202011040924/tools/bin/../lib/gcc/arm-none-eabi/9.3.1/thumb/v7e-m+fp/hard/crtbegin.o

.ARM.extab      0x0000000008006314        0x0
                0x0000000008006314                . = ALIGN (0x4)
 *(.ARM.extab* .gnu.linkonce.armextab.*)
                0x0000000008006314                . = ALIGN (0x4)

.ARM            0x0000000008006314        0x0
                0x0000000008006314                . = ALIGN (0x4)
                0x0000000008006314                __exidx_start = .
 *(.ARM.exidx*)
                0x0000000008006314                __exidx_end = .
                0x0000000008006314                . = ALIGN (0x4)

.preinit_array  0x0000000008006314        0x0
                0x0000000008006314                . = ALIGN (0x4)
                0x0000000008006314                PROVIDE (__preinit_array_start = .)
 *(.preinit_array*)
                0x0000000008006314                PROVIDE (__preinit_array_end = .)
                0x0000000008006314                . = ALIGN (0x4)

.init_array     0x0000000008006314        0x4
                0x0000000008006314                . = ALIGN (0x4)
                0x0000000008006314                PROVIDE (__init_array_start = .)
 *(SORT_BY_NAME(.init_array.*))
 *(.init_array*)
 .init_array    0x0000000008006314        0x4 /opt/st/stm32cubeide_1.6.1/plugins/com.st.stm32cube.ide.mcu.externaltools.gnu-tools-for-stm32.9-2020-q2-update.linux64_1.5.0.202011040924/tools/bin/../lib/gcc/arm-none-eabi/9.3.1/thumb/v7e-m+fp/hard/crtbegin.o
                0x0000000008006318                PROVIDE (__init_array_end = .)
                0x0000000008006318                . = ALIGN (0x4)

.fini_array     0x0000000008006318        0x4
                0x0000000008006318                . = ALIGN (0x4)
                [!provide]                        PROVIDE (__fini_array_start = .)
 *(SORT_BY_NAME(.fini_array.*))
 *(.fini_array*)
 .fini_array    0x0000000008006318        0x4 /opt/st/stm32cubeide_1.6.1/plugins/com.st.stm32cube.ide.mcu.externaltools.gnu-tools-for-stm32.9-2020-q2-update.linux64_1.5.0.202011040924/tools/bin/../lib/gcc/arm-none-eabi/9.3.1/thumb/v7e-m+fp/hard/crtbegin.o
                [!provide]                        PROVIDE (__fini_array_end = .)
                0x000000000800631c                . = ALIGN (0x4)
                0x000000000800631c                _sidata = LOADADDR (.data)

.data           0x0000000020000000      0x104 load address 0x000000000800631c
                0x0000000020000000                . = ALIGN (0x4)
                0x0000000020000000                _sdata = .
 *(.data)
 *(.data*)
 .data.module_mode
                0x0000000020000000        0x4 Core/Src/main.o
                0x0000000020000000                module_mode
 .data.I2C_address
                0x0000000020000004        0x1 Core/Src/main.o
                0x0000000020000004                I2C_address
 *fill*         0x0000000020000005        0x3 
 .data.SystemCoreClock
                0x0000000020000008        0x4 Core/Src/system_stm32l4xx.o
                0x0000000020000008                SystemCoreClock
 .data.FS_Desc  0x000000002000000c       0x1c Core/Src/usbd_desc.o
                0x000000002000000c                FS_Desc
 .data.USBD_FS_DeviceDesc
                0x0000000020000028       0x12 Core/Src/usbd_desc.o
                0x0000000020000028                USBD_FS_DeviceDesc
 *fill*         0x000000002000003a        0x2 
 .data.USBD_LangIDDesc
                0x000000002000003c        0x4 Core/Src/usbd_desc.o
                0x000000002000003c                USBD_LangIDDesc
 .data.USBD_MIDI
                0x0000000020000040       0x38 Core/Src/usbd_midi.o
                0x0000000020000040                USBD_MIDI
 .data.USBD_MIDI_CfgDesc
                0x0000000020000078       0x65 Core/Src/usbd_midi.o
 *fill*         0x00000000200000dd        0x3 
 .data.USBD_MIDI_DeviceQualifierDesc
                0x00000000200000e0        0xa Core/Src/usbd_midi.o
 *fill*         0x00000000200000ea        0x2 
 .data.USBD_MIDI_fops_FS
                0x00000000200000ec       0x10 Core/Src/usbd_midi_if.o
                0x00000000200000ec                USBD_MIDI_fops_FS
 .data.uwTickPrio
                0x00000000200000fc        0x4 Drivers/STM32L4xx_HAL_Driver/Src/stm32l4xx_hal.o
                0x00000000200000fc                uwTickPrio
 .data.uwTickFreq
                0x0000000020000100        0x1 Drivers/STM32L4xx_HAL_Driver/Src/stm32l4xx_hal.o
                0x0000000020000100                uwTickFreq
 *(.RamFunc)
 *(.RamFunc*)
                0x0000000020000104                . = ALIGN (0x4)
 *fill*         0x0000000020000101        0x3 
                0x0000000020000104                _edata = .

.igot.plt       0x0000000020000104        0x0 load address 0x0000000008006420
 .igot.plt      0x0000000020000104        0x0 /opt/st/stm32cubeide_1.6.1/plugins/com.st.stm32cube.ide.mcu.externaltools.gnu-tools-for-stm32.9-2020-q2-update.linux64_1.5.0.202011040924/tools/bin/../lib/gcc/arm-none-eabi/9.3.1/thumb/v7e-m+fp/hard/crtbegin.o
                0x0000000020000104                . = ALIGN (0x4)

.bss            0x0000000020000104      0x9e0 load address 0x0000000008006420
                0x0000000020000104                _sbss = .
                0x0000000020000104                __bss_start__ = _sbss
 *(.bss)
 .bss           0x0000000020000104       0x1c /opt/st/stm32cubeide_1.6.1/plugins/com.st.stm32cube.ide.mcu.externaltools.gnu-tools-for-stm32.9-2020-q2-update.linux64_1.5.0.202011040924/tools/bin/../lib/gcc/arm-none-eabi/9.3.1/thumb/v7e-m+fp/hard/crtbegin.o
 *(.bss*)
 .bss.slave_number
                0x0000000020000120        0x4 Core/Src/main.o
                0x0000000020000120                slave_number
 .bss.encoder0PinALast
                0x0000000020000124        0x4 Core/Src/main.o
                0x0000000020000124                encoder0PinALast
 .bss.encoder0Pos
                0x0000000020000128        0x1 Core/Src/main.o
                0x0000000020000128                encoder0Pos
 *fill*         0x0000000020000129        0x3 
 .bss.mem.10276
                0x000000002000012c      0x200 Core/Src/usbd_conf.o
 *(COMMON)
 COMMON         0x000000002000032c      0x390 Core/Src/main.o
                0x000000002000032c                n
                0x0000000020000330                slave_address
                0x0000000020000370                hi2c1
                0x00000000200003bc                hpcd_USB_FS
                0x00000000200006b0                exti_msg
 COMMON         0x00000000200006bc      0x224 Core/Src/usb_device.o
                0x00000000200006bc                hUsbDeviceFS
 COMMON         0x00000000200008e0      0x200 Core/Src/usbd_desc.o
                0x00000000200008e0                USBD_StrDesc
 COMMON         0x0000000020000ae0        0x4 Drivers/STM32L4xx_HAL_Driver/Src/stm32l4xx_hal.o
                0x0000000020000ae0                uwTick
                0x0000000020000ae4                . = ALIGN (0x4)
                0x0000000020000ae4                _ebss = .
                0x0000000020000ae4                __bss_end__ = _ebss

._user_heap_stack
                0x0000000020000ae4      0x604 load address 0x0000000008006420
                0x0000000020000ae8                . = ALIGN (0x8)
 *fill*         0x0000000020000ae4        0x4 
                [!provide]                        PROVIDE (end = .)
                0x0000000020000ae8                PROVIDE (_end = .)
                0x0000000020000ce8                . = (. + _Min_Heap_Size)
 *fill*         0x0000000020000ae8      0x200 
                0x00000000200010e8                . = (. + _Min_Stack_Size)
 *fill*         0x0000000020000ce8      0x400 
                0x00000000200010e8                . = ALIGN (0x8)

/DISCARD/
 libc.a(*)
 libm.a(*)
 libgcc.a(*)

.ARM.attributes
                0x0000000000000000       0x30
 *(.ARM.attributes)
 .ARM.attributes
                0x0000000000000000       0x1e /opt/st/stm32cubeide_1.6.1/plugins/com.st.stm32cube.ide.mcu.externaltools.gnu-tools-for-stm32.9-2020-q2-update.linux64_1.5.0.202011040924/tools/bin/../lib/gcc/arm-none-eabi/9.3.1/thumb/v7e-m+fp/hard/crti.o
 .ARM.attributes
                0x000000000000001e       0x34 /opt/st/stm32cubeide_1.6.1/plugins/com.st.stm32cube.ide.mcu.externaltools.gnu-tools-for-stm32.9-2020-q2-update.linux64_1.5.0.202011040924/tools/bin/../lib/gcc/arm-none-eabi/9.3.1/thumb/v7e-m+fp/hard/crtbegin.o
 .ARM.attributes
                0x0000000000000052       0x34 Core/Src/main.o
 .ARM.attributes
                0x0000000000000086       0x34 Core/Src/stm32l4xx_hal_msp.o
 .ARM.attributes
                0x00000000000000ba       0x34 Core/Src/stm32l4xx_it.o
 .ARM.attributes
                0x00000000000000ee       0x34 Core/Src/system_stm32l4xx.o
 .ARM.attributes
                0x0000000000000122       0x34 Core/Src/usb_device.o
 .ARM.attributes
                0x0000000000000156       0x34 Core/Src/usbd_conf.o
 .ARM.attributes
                0x000000000000018a       0x34 Core/Src/usbd_core.o
 .ARM.attributes
                0x00000000000001be       0x34 Core/Src/usbd_ctlreq.o
 .ARM.attributes
                0x00000000000001f2       0x34 Core/Src/usbd_desc.o
 .ARM.attributes
                0x0000000000000226       0x34 Core/Src/usbd_ioreq.o
 .ARM.attributes
                0x000000000000025a       0x34 Core/Src/usbd_midi.o
 .ARM.attributes
                0x000000000000028e       0x34 Core/Src/usbd_midi_if.o
 .ARM.attributes
                0x00000000000002c2       0x21 Core/Startup/startup_stm32l412kbtx.o
 .ARM.attributes
                0x00000000000002e3       0x34 Drivers/STM32L4xx_HAL_Driver/Src/stm32l4xx_hal.o
 .ARM.attributes
                0x0000000000000317       0x34 Drivers/STM32L4xx_HAL_Driver/Src/stm32l4xx_hal_cortex.o
 .ARM.attributes
                0x000000000000034b       0x34 Drivers/STM32L4xx_HAL_Driver/Src/stm32l4xx_hal_gpio.o
 .ARM.attributes
                0x000000000000037f       0x34 Drivers/STM32L4xx_HAL_Driver/Src/stm32l4xx_hal_i2c.o
 .ARM.attributes
                0x00000000000003b3       0x34 Drivers/STM32L4xx_HAL_Driver/Src/stm32l4xx_hal_i2c_ex.o
 .ARM.attributes
                0x00000000000003e7       0x34 Drivers/STM32L4xx_HAL_Driver/Src/stm32l4xx_hal_pcd.o
 .ARM.attributes
                0x000000000000041b       0x34 Drivers/STM32L4xx_HAL_Driver/Src/stm32l4xx_hal_pcd_ex.o
 .ARM.attributes
                0x000000000000044f       0x34 Drivers/STM32L4xx_HAL_Driver/Src/stm32l4xx_hal_pwr_ex.o
 .ARM.attributes
                0x0000000000000483       0x34 Drivers/STM32L4xx_HAL_Driver/Src/stm32l4xx_hal_rcc.o
 .ARM.attributes
                0x00000000000004b7       0x34 Drivers/STM32L4xx_HAL_Driver/Src/stm32l4xx_hal_rcc_ex.o
 .ARM.attributes
                0x00000000000004eb       0x34 Drivers/STM32L4xx_HAL_Driver/Src/stm32l4xx_ll_usb.o
 .ARM.attributes
                0x000000000000051f       0x34 /opt/st/stm32cubeide_1.6.1/plugins/com.st.stm32cube.ide.mcu.externaltools.gnu-tools-for-stm32.9-2020-q2-update.linux64_1.5.0.202011040924/tools/bin/../lib/gcc/arm-none-eabi/9.3.1/../../../../arm-none-eabi/lib/thumb/v7e-m+fp/hard/libc_nano.a(lib_a-init.o)
 .ARM.attributes
                0x0000000000000553       0x34 /opt/st/stm32cubeide_1.6.1/plugins/com.st.stm32cube.ide.mcu.externaltools.gnu-tools-for-stm32.9-2020-q2-update.linux64_1.5.0.202011040924/tools/bin/../lib/gcc/arm-none-eabi/9.3.1/../../../../arm-none-eabi/lib/thumb/v7e-m+fp/hard/libc_nano.a(lib_a-memset.o)
 .ARM.attributes
                0x0000000000000587       0x1e /opt/st/stm32cubeide_1.6.1/plugins/com.st.stm32cube.ide.mcu.externaltools.gnu-tools-for-stm32.9-2020-q2-update.linux64_1.5.0.202011040924/tools/bin/../lib/gcc/arm-none-eabi/9.3.1/thumb/v7e-m+fp/hard/crtn.o
OUTPUT(test250421.elf elf32-littlearm)
LOAD linker stubs
LOAD /opt/st/stm32cubeide_1.6.1/plugins/com.st.stm32cube.ide.mcu.externaltools.gnu-tools-for-stm32.9-2020-q2-update.linux64_1.5.0.202011040924/tools/bin/../lib/gcc/arm-none-eabi/9.3.1/../../../../arm-none-eabi/lib/thumb/v7e-m+fp/hard/libc.a
LOAD /opt/st/stm32cubeide_1.6.1/plugins/com.st.stm32cube.ide.mcu.externaltools.gnu-tools-for-stm32.9-2020-q2-update.linux64_1.5.0.202011040924/tools/bin/../lib/gcc/arm-none-eabi/9.3.1/../../../../arm-none-eabi/lib/thumb/v7e-m+fp/hard/libm.a
LOAD /opt/st/stm32cubeide_1.6.1/plugins/com.st.stm32cube.ide.mcu.externaltools.gnu-tools-for-stm32.9-2020-q2-update.linux64_1.5.0.202011040924/tools/bin/../lib/gcc/arm-none-eabi/9.3.1/thumb/v7e-m+fp/hard/libgcc.a

.debug_info     0x0000000000000000    0x19b5f
 .debug_info    0x0000000000000000     0x21f6 Core/Src/main.o
 .debug_info    0x00000000000021f6     0x11ae Core/Src/stm32l4xx_hal_msp.o
 .debug_info    0x00000000000033a4      0x373 Core/Src/stm32l4xx_it.o
 .debug_info    0x0000000000003717      0x787 Core/Src/system_stm32l4xx.o
 .debug_info    0x0000000000003e9e     0x10ba Core/Src/usb_device.o
 .debug_info    0x0000000000004f58     0x1e76 Core/Src/usbd_conf.o
 .debug_info    0x0000000000006dce     0x142d Core/Src/usbd_core.o
 .debug_info    0x00000000000081fb     0x138a Core/Src/usbd_ctlreq.o
 .debug_info    0x0000000000009585      0xe70 Core/Src/usbd_desc.o
 .debug_info    0x000000000000a3f5     0x116c Core/Src/usbd_ioreq.o
 .debug_info    0x000000000000b561     0x1b50 Core/Src/usbd_midi.o
 .debug_info    0x000000000000d0b1     0x11a6 Core/Src/usbd_midi_if.o
 .debug_info    0x000000000000e257       0x22 Core/Startup/startup_stm32l412kbtx.o
 .debug_info    0x000000000000e279      0xb44 Drivers/STM32L4xx_HAL_Driver/Src/stm32l4xx_hal.o
 .debug_info    0x000000000000edbd      0xf98 Drivers/STM32L4xx_HAL_Driver/Src/stm32l4xx_hal_cortex.o
 .debug_info    0x000000000000fd55      0xa5f Drivers/STM32L4xx_HAL_Driver/Src/stm32l4xx_hal_gpio.o
 .debug_info    0x00000000000107b4     0x22fd Drivers/STM32L4xx_HAL_Driver/Src/stm32l4xx_hal_i2c.o
 .debug_info    0x0000000000012ab1      0xc37 Drivers/STM32L4xx_HAL_Driver/Src/stm32l4xx_hal_i2c_ex.o
 .debug_info    0x00000000000136e8     0x15e0 Drivers/STM32L4xx_HAL_Driver/Src/stm32l4xx_hal_pcd.o
 .debug_info    0x0000000000014cc8      0xa8e Drivers/STM32L4xx_HAL_Driver/Src/stm32l4xx_hal_pcd_ex.o
 .debug_info    0x0000000000015756      0xbc7 Drivers/STM32L4xx_HAL_Driver/Src/stm32l4xx_hal_pwr_ex.o
 .debug_info    0x000000000001631d      0xdd3 Drivers/STM32L4xx_HAL_Driver/Src/stm32l4xx_hal_rcc.o
 .debug_info    0x00000000000170f0      0xf01 Drivers/STM32L4xx_HAL_Driver/Src/stm32l4xx_hal_rcc_ex.o
 .debug_info    0x0000000000017ff1     0x1b6e Drivers/STM32L4xx_HAL_Driver/Src/stm32l4xx_ll_usb.o

.debug_abbrev   0x0000000000000000     0x3311
 .debug_abbrev  0x0000000000000000      0x2d2 Core/Src/main.o
 .debug_abbrev  0x00000000000002d2      0x1d7 Core/Src/stm32l4xx_hal_msp.o
 .debug_abbrev  0x00000000000004a9       0xf2 Core/Src/stm32l4xx_it.o
 .debug_abbrev  0x000000000000059b      0x165 Core/Src/system_stm32l4xx.o
 .debug_abbrev  0x0000000000000700      0x1c6 Core/Src/usb_device.o
 .debug_abbrev  0x00000000000008c6      0x2ff Core/Src/usbd_conf.o
 .debug_abbrev  0x0000000000000bc5      0x297 Core/Src/usbd_core.o
 .debug_abbrev  0x0000000000000e5c      0x2cd Core/Src/usbd_ctlreq.o
 .debug_abbrev  0x0000000000001129      0x263 Core/Src/usbd_desc.o
 .debug_abbrev  0x000000000000138c      0x1f9 Core/Src/usbd_ioreq.o
 .debug_abbrev  0x0000000000001585      0x2ef Core/Src/usbd_midi.o
 .debug_abbrev  0x0000000000001874      0x215 Core/Src/usbd_midi_if.o
 .debug_abbrev  0x0000000000001a89       0x12 Core/Startup/startup_stm32l412kbtx.o
 .debug_abbrev  0x0000000000001a9b      0x20b Drivers/STM32L4xx_HAL_Driver/Src/stm32l4xx_hal.o
 .debug_abbrev  0x0000000000001ca6      0x33c Drivers/STM32L4xx_HAL_Driver/Src/stm32l4xx_hal_cortex.o
 .debug_abbrev  0x0000000000001fe2      0x1e8 Drivers/STM32L4xx_HAL_Driver/Src/stm32l4xx_hal_gpio.o
 .debug_abbrev  0x00000000000021ca      0x256 Drivers/STM32L4xx_HAL_Driver/Src/stm32l4xx_hal_i2c.o
 .debug_abbrev  0x0000000000002420      0x1dd Drivers/STM32L4xx_HAL_Driver/Src/stm32l4xx_hal_i2c_ex.o
 .debug_abbrev  0x00000000000025fd      0x29e Drivers/STM32L4xx_HAL_Driver/Src/stm32l4xx_hal_pcd.o
 .debug_abbrev  0x000000000000289b      0x1d9 Drivers/STM32L4xx_HAL_Driver/Src/stm32l4xx_hal_pcd_ex.o
 .debug_abbrev  0x0000000000002a74      0x1f3 Drivers/STM32L4xx_HAL_Driver/Src/stm32l4xx_hal_pwr_ex.o
 .debug_abbrev  0x0000000000002c67      0x280 Drivers/STM32L4xx_HAL_Driver/Src/stm32l4xx_hal_rcc.o
 .debug_abbrev  0x0000000000002ee7      0x230 Drivers/STM32L4xx_HAL_Driver/Src/stm32l4xx_hal_rcc_ex.o
 .debug_abbrev  0x0000000000003117      0x1fa Drivers/STM32L4xx_HAL_Driver/Src/stm32l4xx_ll_usb.o

.debug_aranges  0x0000000000000000      0xf78
 .debug_aranges
                0x0000000000000000       0x48 Core/Src/main.o
 .debug_aranges
                0x0000000000000048       0x40 Core/Src/stm32l4xx_hal_msp.o
 .debug_aranges
                0x0000000000000088       0x60 Core/Src/stm32l4xx_it.o
 .debug_aranges
                0x00000000000000e8       0x28 Core/Src/system_stm32l4xx.o
 .debug_aranges
                0x0000000000000110       0x20 Core/Src/usb_device.o
 .debug_aranges
                0x0000000000000130      0x108 Core/Src/usbd_conf.o
 .debug_aranges
                0x0000000000000238       0xb8 Core/Src/usbd_core.o
 .debug_aranges
                0x00000000000002f0       0x88 Core/Src/usbd_ctlreq.o
 .debug_aranges
                0x0000000000000378       0x50 Core/Src/usbd_desc.o
 .debug_aranges
                0x00000000000003c8       0x50 Core/Src/usbd_ioreq.o
 .debug_aranges
                0x0000000000000418       0x98 Core/Src/usbd_midi.o
 .debug_aranges
                0x00000000000004b0       0x38 Core/Src/usbd_midi_if.o
 .debug_aranges
                0x00000000000004e8       0x28 Core/Startup/startup_stm32l412kbtx.o
 .debug_aranges
                0x0000000000000510      0x108 Drivers/STM32L4xx_HAL_Driver/Src/stm32l4xx_hal.o
 .debug_aranges
                0x0000000000000618      0x118 Drivers/STM32L4xx_HAL_Driver/Src/stm32l4xx_hal_cortex.o
 .debug_aranges
                0x0000000000000730       0x58 Drivers/STM32L4xx_HAL_Driver/Src/stm32l4xx_hal_gpio.o
 .debug_aranges
                0x0000000000000788      0x290 Drivers/STM32L4xx_HAL_Driver/Src/stm32l4xx_hal_i2c.o
 .debug_aranges
                0x0000000000000a18       0x48 Drivers/STM32L4xx_HAL_Driver/Src/stm32l4xx_hal_i2c_ex.o
 .debug_aranges
                0x0000000000000a60      0x130 Drivers/STM32L4xx_HAL_Driver/Src/stm32l4xx_hal_pcd.o
 .debug_aranges
                0x0000000000000b90       0x58 Drivers/STM32L4xx_HAL_Driver/Src/stm32l4xx_hal_pcd_ex.o
 .debug_aranges
                0x0000000000000be8      0x148 Drivers/STM32L4xx_HAL_Driver/Src/stm32l4xx_hal_pwr_ex.o
 .debug_aranges
                0x0000000000000d30       0x88 Drivers/STM32L4xx_HAL_Driver/Src/stm32l4xx_hal_rcc.o
 .debug_aranges
                0x0000000000000db8       0xd0 Drivers/STM32L4xx_HAL_Driver/Src/stm32l4xx_hal_rcc_ex.o
 .debug_aranges
                0x0000000000000e88       0xf0 Drivers/STM32L4xx_HAL_Driver/Src/stm32l4xx_ll_usb.o

.debug_ranges   0x0000000000000000      0xe00
 .debug_ranges  0x0000000000000000       0x38 Core/Src/main.o
 .debug_ranges  0x0000000000000038       0x30 Core/Src/stm32l4xx_hal_msp.o
 .debug_ranges  0x0000000000000068       0x50 Core/Src/stm32l4xx_it.o
 .debug_ranges  0x00000000000000b8       0x18 Core/Src/system_stm32l4xx.o
 .debug_ranges  0x00000000000000d0       0x10 Core/Src/usb_device.o
 .debug_ranges  0x00000000000000e0       0xf8 Core/Src/usbd_conf.o
 .debug_ranges  0x00000000000001d8       0xa8 Core/Src/usbd_core.o
 .debug_ranges  0x0000000000000280       0x78 Core/Src/usbd_ctlreq.o
 .debug_ranges  0x00000000000002f8       0x40 Core/Src/usbd_desc.o
 .debug_ranges  0x0000000000000338       0x40 Core/Src/usbd_ioreq.o
 .debug_ranges  0x0000000000000378       0x88 Core/Src/usbd_midi.o
 .debug_ranges  0x0000000000000400       0x28 Core/Src/usbd_midi_if.o
 .debug_ranges  0x0000000000000428       0x20 Core/Startup/startup_stm32l412kbtx.o
 .debug_ranges  0x0000000000000448       0xf8 Drivers/STM32L4xx_HAL_Driver/Src/stm32l4xx_hal.o
 .debug_ranges  0x0000000000000540      0x108 Drivers/STM32L4xx_HAL_Driver/Src/stm32l4xx_hal_cortex.o
 .debug_ranges  0x0000000000000648       0x48 Drivers/STM32L4xx_HAL_Driver/Src/stm32l4xx_hal_gpio.o
 .debug_ranges  0x0000000000000690      0x280 Drivers/STM32L4xx_HAL_Driver/Src/stm32l4xx_hal_i2c.o
 .debug_ranges  0x0000000000000910       0x38 Drivers/STM32L4xx_HAL_Driver/Src/stm32l4xx_hal_i2c_ex.o
 .debug_ranges  0x0000000000000948      0x120 Drivers/STM32L4xx_HAL_Driver/Src/stm32l4xx_hal_pcd.o
 .debug_ranges  0x0000000000000a68       0x48 Drivers/STM32L4xx_HAL_Driver/Src/stm32l4xx_hal_pcd_ex.o
 .debug_ranges  0x0000000000000ab0      0x138 Drivers/STM32L4xx_HAL_Driver/Src/stm32l4xx_hal_pwr_ex.o
 .debug_ranges  0x0000000000000be8       0x78 Drivers/STM32L4xx_HAL_Driver/Src/stm32l4xx_hal_rcc.o
 .debug_ranges  0x0000000000000c60       0xc0 Drivers/STM32L4xx_HAL_Driver/Src/stm32l4xx_hal_rcc_ex.o
 .debug_ranges  0x0000000000000d20       0xe0 Drivers/STM32L4xx_HAL_Driver/Src/stm32l4xx_ll_usb.o

.debug_macro    0x0000000000000000    0x1c123
 .debug_macro   0x0000000000000000      0x40a Core/Src/main.o
 .debug_macro   0x000000000000040a      0xaa8 Core/Src/main.o
 .debug_macro   0x0000000000000eb2      0x1a7 Core/Src/main.o
 .debug_macro   0x0000000000001059       0x2e Core/Src/main.o
 .debug_macro   0x0000000000001087       0x28 Core/Src/main.o
 .debug_macro   0x00000000000010af       0x22 Core/Src/main.o
 .debug_macro   0x00000000000010d1       0x8e Core/Src/main.o
 .debug_macro   0x000000000000115f       0x51 Core/Src/main.o
 .debug_macro   0x00000000000011b0      0x103 Core/Src/main.o
 .debug_macro   0x00000000000012b3       0x6a Core/Src/main.o
 .debug_macro   0x000000000000131d      0x1df Core/Src/main.o
 .debug_macro   0x00000000000014fc       0x1c Core/Src/main.o
 .debug_macro   0x0000000000001518       0x22 Core/Src/main.o
 .debug_macro   0x000000000000153a      0x101 Core/Src/main.o
 .debug_macro   0x000000000000163b     0x1011 Core/Src/main.o
 .debug_macro   0x000000000000264c      0x11f Core/Src/main.o
 .debug_macro   0x000000000000276b     0xe4aa Core/Src/main.o
 .debug_macro   0x0000000000010c15       0x43 Core/Src/main.o
 .debug_macro   0x0000000000010c58     0x3890 Core/Src/main.o
 .debug_macro   0x00000000000144e8      0x174 Core/Src/main.o
 .debug_macro   0x000000000001465c       0x5c Core/Src/main.o
 .debug_macro   0x00000000000146b8     0x101f Core/Src/main.o
 .debug_macro   0x00000000000156d7      0x494 Core/Src/main.o
 .debug_macro   0x0000000000015b6b      0x13d Core/Src/main.o
 .debug_macro   0x0000000000015ca8       0xd7 Core/Src/main.o
 .debug_macro   0x0000000000015d7f      0x26b Core/Src/main.o
 .debug_macro   0x0000000000015fea      0x23d Core/Src/main.o
 .debug_macro   0x0000000000016227      0x21d Core/Src/main.o
 .debug_macro   0x0000000000016444      0x375 Core/Src/main.o
 .debug_macro   0x00000000000167b9       0xd6 Core/Src/main.o
 .debug_macro   0x000000000001688f      0x22c Core/Src/main.o
 .debug_macro   0x0000000000016abb       0x61 Core/Src/main.o
 .debug_macro   0x0000000000016b1c       0xa5 Core/Src/main.o
 .debug_macro   0x0000000000016bc1       0x65 Core/Src/main.o
 .debug_macro   0x0000000000016c26      0x234 Core/Src/main.o
 .debug_macro   0x0000000000016e5a      0x122 Core/Src/main.o
 .debug_macro   0x0000000000016f7c      0x365 Core/Src/main.o
 .debug_macro   0x00000000000172e1      0x221 Core/Src/main.o
 .debug_macro   0x0000000000017502       0x52 Core/Src/main.o
 .debug_macro   0x0000000000017554       0x18 Core/Src/main.o
 .debug_macro   0x000000000001756c       0x3c Core/Src/main.o
 .debug_macro   0x00000000000175a8       0x34 Core/Src/main.o
 .debug_macro   0x00000000000175dc       0x16 Core/Src/main.o
 .debug_macro   0x00000000000175f2       0x35 Core/Src/main.o
 .debug_macro   0x0000000000017627      0x333 Core/Src/main.o
 .debug_macro   0x000000000001795a       0x10 Core/Src/main.o
 .debug_macro   0x000000000001796a       0x16 Core/Src/main.o
 .debug_macro   0x0000000000017980       0x43 Core/Src/main.o
 .debug_macro   0x00000000000179c3       0x34 Core/Src/main.o
 .debug_macro   0x00000000000179f7       0x10 Core/Src/main.o
 .debug_macro   0x0000000000017a07       0x58 Core/Src/main.o
 .debug_macro   0x0000000000017a5f       0x71 Core/Src/main.o
 .debug_macro   0x0000000000017ad0       0x1c Core/Src/main.o
 .debug_macro   0x0000000000017aec      0x12a Core/Src/main.o
 .debug_macro   0x0000000000017c16       0x10 Core/Src/main.o
 .debug_macro   0x0000000000017c26       0x1c Core/Src/main.o
 .debug_macro   0x0000000000017c42       0x52 Core/Src/main.o
 .debug_macro   0x0000000000017c94       0x22 Core/Src/main.o
 .debug_macro   0x0000000000017cb6       0x10 Core/Src/main.o
 .debug_macro   0x0000000000017cc6       0x40 Core/Src/main.o
 .debug_macro   0x0000000000017d06       0xd5 Core/Src/main.o
 .debug_macro   0x0000000000017ddb       0x1c Core/Src/main.o
 .debug_macro   0x0000000000017df7       0x3d Core/Src/main.o
 .debug_macro   0x0000000000017e34       0x16 Core/Src/main.o
 .debug_macro   0x0000000000017e4a      0x145 Core/Src/main.o
 .debug_macro   0x0000000000017f8f       0x16 Core/Src/main.o
 .debug_macro   0x0000000000017fa5       0x16 Core/Src/main.o
 .debug_macro   0x0000000000017fbb       0x29 Core/Src/main.o
 .debug_macro   0x0000000000017fe4       0x16 Core/Src/main.o
 .debug_macro   0x0000000000017ffa       0x20 Core/Src/main.o
 .debug_macro   0x000000000001801a       0x65 Core/Src/main.o
 .debug_macro   0x000000000001807f      0x1c3 Core/Src/main.o
 .debug_macro   0x0000000000018242      0x158 Core/Src/main.o
 .debug_macro   0x000000000001839a      0x1de Core/Src/stm32l4xx_hal_msp.o
 .debug_macro   0x0000000000018578      0x1e8 Core/Src/stm32l4xx_it.o
 .debug_macro   0x0000000000018760      0x1d4 Core/Src/system_stm32l4xx.o
 .debug_macro   0x0000000000018934      0x40c Core/Src/usb_device.o
 .debug_macro   0x0000000000018d40      0x15e Core/Src/usb_device.o
 .debug_macro   0x0000000000018e9e      0x3fa Core/Src/usbd_conf.o
 .debug_macro   0x0000000000019298       0xd7 Core/Src/usbd_conf.o
 .debug_macro   0x000000000001936f      0x3db Core/Src/usbd_core.o
 .debug_macro   0x000000000001974a      0x3df Core/Src/usbd_ctlreq.o
 .debug_macro   0x0000000000019b29      0x419 Core/Src/usbd_desc.o
 .debug_macro   0x0000000000019f42      0x3db Core/Src/usbd_ioreq.o
 .debug_macro   0x000000000001a31d      0x3f8 Core/Src/usbd_midi.o
 .debug_macro   0x000000000001a715      0x3fe Core/Src/usbd_midi_if.o
 .debug_macro   0x000000000001ab13      0x21c Drivers/STM32L4xx_HAL_Driver/Src/stm32l4xx_hal.o
 .debug_macro   0x000000000001ad2f      0x1d4 Drivers/STM32L4xx_HAL_Driver/Src/stm32l4xx_hal_cortex.o
 .debug_macro   0x000000000001af03      0x213 Drivers/STM32L4xx_HAL_Driver/Src/stm32l4xx_hal_gpio.o
 .debug_macro   0x000000000001b116      0x299 Drivers/STM32L4xx_HAL_Driver/Src/stm32l4xx_hal_i2c.o
 .debug_macro   0x000000000001b3af      0x1d4 Drivers/STM32L4xx_HAL_Driver/Src/stm32l4xx_hal_i2c_ex.o
 .debug_macro   0x000000000001b583      0x1e0 Drivers/STM32L4xx_HAL_Driver/Src/stm32l4xx_hal_pcd.o
 .debug_macro   0x000000000001b763      0x1d4 Drivers/STM32L4xx_HAL_Driver/Src/stm32l4xx_hal_pcd_ex.o
 .debug_macro   0x000000000001b937      0x1f8 Drivers/STM32L4xx_HAL_Driver/Src/stm32l4xx_hal_pwr_ex.o
 .debug_macro   0x000000000001bb2f      0x216 Drivers/STM32L4xx_HAL_Driver/Src/stm32l4xx_hal_rcc.o
 .debug_macro   0x000000000001bd45      0x20a Drivers/STM32L4xx_HAL_Driver/Src/stm32l4xx_hal_rcc_ex.o
 .debug_macro   0x000000000001bf4f      0x1d4 Drivers/STM32L4xx_HAL_Driver/Src/stm32l4xx_ll_usb.o

.debug_line     0x0000000000000000    0x13270
 .debug_line    0x0000000000000000      0xc13 Core/Src/main.o
 .debug_line    0x0000000000000c13      0x753 Core/Src/stm32l4xx_hal_msp.o
 .debug_line    0x0000000000001366      0x77a Core/Src/stm32l4xx_it.o
 .debug_line    0x0000000000001ae0      0x768 Core/Src/system_stm32l4xx.o
 .debug_line    0x0000000000002248      0x963 Core/Src/usb_device.o
 .debug_line    0x0000000000002bab      0xe8d Core/Src/usbd_conf.o
 .debug_line    0x0000000000003a38      0xce1 Core/Src/usbd_core.o
 .debug_line    0x0000000000004719      0xe20 Core/Src/usbd_ctlreq.o
 .debug_line    0x0000000000005539      0x9dc Core/Src/usbd_desc.o
 .debug_line    0x0000000000005f15      0x9d7 Core/Src/usbd_ioreq.o
 .debug_line    0x00000000000068ec      0xcab Core/Src/usbd_midi.o
 .debug_line    0x0000000000007597      0x9b1 Core/Src/usbd_midi_if.o
 .debug_line    0x0000000000007f48       0x87 Core/Startup/startup_stm32l412kbtx.o
 .debug_line    0x0000000000007fcf      0xa14 Drivers/STM32L4xx_HAL_Driver/Src/stm32l4xx_hal.o
 .debug_line    0x00000000000089e3      0xc4e Drivers/STM32L4xx_HAL_Driver/Src/stm32l4xx_hal_cortex.o
 .debug_line    0x0000000000009631      0xab6 Drivers/STM32L4xx_HAL_Driver/Src/stm32l4xx_hal_gpio.o
 .debug_line    0x000000000000a0e7     0x3278 Drivers/STM32L4xx_HAL_Driver/Src/stm32l4xx_hal_i2c.o
 .debug_line    0x000000000000d35f      0x8d5 Drivers/STM32L4xx_HAL_Driver/Src/stm32l4xx_hal_i2c_ex.o
 .debug_line    0x000000000000dc34     0x12d7 Drivers/STM32L4xx_HAL_Driver/Src/stm32l4xx_hal_pcd.o
 .debug_line    0x000000000000ef0b      0x82c Drivers/STM32L4xx_HAL_Driver/Src/stm32l4xx_hal_pcd_ex.o
 .debug_line    0x000000000000f737      0xc04 Drivers/STM32L4xx_HAL_Driver/Src/stm32l4xx_hal_pwr_ex.o
 .debug_line    0x000000000001033b      0xf72 Drivers/STM32L4xx_HAL_Driver/Src/stm32l4xx_hal_rcc.o
 .debug_line    0x00000000000112ad      0xf65 Drivers/STM32L4xx_HAL_Driver/Src/stm32l4xx_hal_rcc_ex.o
 .debug_line    0x0000000000012212     0x105e Drivers/STM32L4xx_HAL_Driver/Src/stm32l4xx_ll_usb.o

.debug_str      0x0000000000000000    0xa1893
 .debug_str     0x0000000000000000    0x9d916 Core/Src/main.o
                                      0x9ddf7 (size before relaxing)
 .debug_str     0x000000000009d916       0x7a Core/Src/stm32l4xx_hal_msp.o
                                      0x984a2 (size before relaxing)
 .debug_str     0x000000000009d990       0xbd Core/Src/stm32l4xx_it.o
                                      0x97bb4 (size before relaxing)
 .debug_str     0x000000000009da4d       0xb8 Core/Src/system_stm32l4xx.o
                                      0x97cef (size before relaxing)
 .debug_str     0x000000000009db05       0xf0 Core/Src/usb_device.o
                                      0x9d21e (size before relaxing)
 .debug_str     0x000000000009dbf5      0x46f Core/Src/usbd_conf.o
                                      0x9d548 (size before relaxing)
 .debug_str     0x000000000009e064      0x19b Core/Src/usbd_core.o
                                      0x9cb94 (size before relaxing)
 .debug_str     0x000000000009e1ff       0xfe Core/Src/usbd_ctlreq.o
                                      0x9cb1a (size before relaxing)
 .debug_str     0x000000000009e2fd      0x259 Core/Src/usbd_desc.o
                                      0x9c9ca (size before relaxing)
 .debug_str     0x000000000009e556       0xa1 Core/Src/usbd_ioreq.o
                                      0x9caa2 (size before relaxing)
 .debug_str     0x000000000009e5f7      0x254 Core/Src/usbd_midi.o
                                      0x9d787 (size before relaxing)
 .debug_str     0x000000000009e84b       0x7b Core/Src/usbd_midi_if.o
                                      0x9d291 (size before relaxing)
 .debug_str     0x000000000009e8c6       0x36 Core/Startup/startup_stm32l412kbtx.o
                                         0x6e (size before relaxing)
 .debug_str     0x000000000009e8fc      0x81c Drivers/STM32L4xx_HAL_Driver/Src/stm32l4xx_hal.o
                                      0x985b5 (size before relaxing)
 .debug_str     0x000000000009f118      0x383 Drivers/STM32L4xx_HAL_Driver/Src/stm32l4xx_hal_cortex.o
                                      0x98414 (size before relaxing)
 .debug_str     0x000000000009f49b      0x228 Drivers/STM32L4xx_HAL_Driver/Src/stm32l4xx_hal_gpio.o
                                      0x97f84 (size before relaxing)
 .debug_str     0x000000000009f6c3      0xd38 Drivers/STM32L4xx_HAL_Driver/Src/stm32l4xx_hal_i2c.o
                                      0x98e1a (size before relaxing)
 .debug_str     0x00000000000a03fb       0xb8 Drivers/STM32L4xx_HAL_Driver/Src/stm32l4xx_hal_i2c_ex.o
                                      0x98213 (size before relaxing)
 .debug_str     0x00000000000a04b3      0x27a Drivers/STM32L4xx_HAL_Driver/Src/stm32l4xx_hal_pcd.o
                                      0x982c9 (size before relaxing)
 .debug_str     0x00000000000a072d      0x1c6 Drivers/STM32L4xx_HAL_Driver/Src/stm32l4xx_hal_pcd_ex.o
                                      0x98091 (size before relaxing)
 .debug_str     0x00000000000a08f3      0x4cc Drivers/STM32L4xx_HAL_Driver/Src/stm32l4xx_hal_pwr_ex.o
                                      0x98221 (size before relaxing)
 .debug_str     0x00000000000a0dbf      0x394 Drivers/STM32L4xx_HAL_Driver/Src/stm32l4xx_hal_rcc.o
                                      0x98292 (size before relaxing)
 .debug_str     0x00000000000a1153      0x49f Drivers/STM32L4xx_HAL_Driver/Src/stm32l4xx_hal_rcc_ex.o
                                      0x983f1 (size before relaxing)
 .debug_str     0x00000000000a15f2      0x2a1 Drivers/STM32L4xx_HAL_Driver/Src/stm32l4xx_ll_usb.o
                                      0x98077 (size before relaxing)

.comment        0x0000000000000000       0x53
 .comment       0x0000000000000000       0x53 Core/Src/main.o
                                         0x54 (size before relaxing)
 .comment       0x0000000000000053       0x54 Core/Src/stm32l4xx_hal_msp.o
 .comment       0x0000000000000053       0x54 Core/Src/stm32l4xx_it.o
 .comment       0x0000000000000053       0x54 Core/Src/system_stm32l4xx.o
 .comment       0x0000000000000053       0x54 Core/Src/usb_device.o
 .comment       0x0000000000000053       0x54 Core/Src/usbd_conf.o
 .comment       0x0000000000000053       0x54 Core/Src/usbd_core.o
 .comment       0x0000000000000053       0x54 Core/Src/usbd_ctlreq.o
 .comment       0x0000000000000053       0x54 Core/Src/usbd_desc.o
 .comment       0x0000000000000053       0x54 Core/Src/usbd_ioreq.o
 .comment       0x0000000000000053       0x54 Core/Src/usbd_midi.o
 .comment       0x0000000000000053       0x54 Core/Src/usbd_midi_if.o
 .comment       0x0000000000000053       0x54 Drivers/STM32L4xx_HAL_Driver/Src/stm32l4xx_hal.o
 .comment       0x0000000000000053       0x54 Drivers/STM32L4xx_HAL_Driver/Src/stm32l4xx_hal_cortex.o
 .comment       0x0000000000000053       0x54 Drivers/STM32L4xx_HAL_Driver/Src/stm32l4xx_hal_gpio.o
 .comment       0x0000000000000053       0x54 Drivers/STM32L4xx_HAL_Driver/Src/stm32l4xx_hal_i2c.o
 .comment       0x0000000000000053       0x54 Drivers/STM32L4xx_HAL_Driver/Src/stm32l4xx_hal_i2c_ex.o
 .comment       0x0000000000000053       0x54 Drivers/STM32L4xx_HAL_Driver/Src/stm32l4xx_hal_pcd.o
 .comment       0x0000000000000053       0x54 Drivers/STM32L4xx_HAL_Driver/Src/stm32l4xx_hal_pcd_ex.o
 .comment       0x0000000000000053       0x54 Drivers/STM32L4xx_HAL_Driver/Src/stm32l4xx_hal_pwr_ex.o
 .comment       0x0000000000000053       0x54 Drivers/STM32L4xx_HAL_Driver/Src/stm32l4xx_hal_rcc.o
 .comment       0x0000000000000053       0x54 Drivers/STM32L4xx_HAL_Driver/Src/stm32l4xx_hal_rcc_ex.o
 .comment       0x0000000000000053       0x54 Drivers/STM32L4xx_HAL_Driver/Src/stm32l4xx_ll_usb.o

.debug_frame    0x0000000000000000     0x3dec
 .debug_frame   0x0000000000000000       0xcc Core/Src/main.o
 .debug_frame   0x00000000000000cc       0xc8 Core/Src/stm32l4xx_hal_msp.o
 .debug_frame   0x0000000000000194      0x104 Core/Src/stm32l4xx_it.o
 .debug_frame   0x0000000000000298       0x58 Core/Src/system_stm32l4xx.o
 .debug_frame   0x00000000000002f0       0x2c Core/Src/usb_device.o
 .debug_frame   0x000000000000031c      0x450 Core/Src/usbd_conf.o
 .debug_frame   0x000000000000076c      0x300 Core/Src/usbd_core.o
 .debug_frame   0x0000000000000a6c      0x210 Core/Src/usbd_ctlreq.o
 .debug_frame   0x0000000000000c7c      0x114 Core/Src/usbd_desc.o
 .debug_frame   0x0000000000000d90      0x10c Core/Src/usbd_ioreq.o
 .debug_frame   0x0000000000000e9c      0x26c Core/Src/usbd_midi.o
 .debug_frame   0x0000000000001108       0xb0 Core/Src/usbd_midi_if.o
 .debug_frame   0x00000000000011b8      0x3dc Drivers/STM32L4xx_HAL_Driver/Src/stm32l4xx_hal.o
 .debug_frame   0x0000000000001594      0x498 Drivers/STM32L4xx_HAL_Driver/Src/stm32l4xx_hal_cortex.o
 .debug_frame   0x0000000000001a2c      0x14c Drivers/STM32L4xx_HAL_Driver/Src/stm32l4xx_hal_gpio.o
 .debug_frame   0x0000000000001b78      0xbe8 Drivers/STM32L4xx_HAL_Driver/Src/stm32l4xx_hal_i2c.o
 .debug_frame   0x0000000000002760      0x100 Drivers/STM32L4xx_HAL_Driver/Src/stm32l4xx_hal_i2c_ex.o
 .debug_frame   0x0000000000002860      0x550 Drivers/STM32L4xx_HAL_Driver/Src/stm32l4xx_hal_pcd.o
 .debug_frame   0x0000000000002db0      0x14c Drivers/STM32L4xx_HAL_Driver/Src/stm32l4xx_hal_pcd_ex.o
 .debug_frame   0x0000000000002efc      0x524 Drivers/STM32L4xx_HAL_Driver/Src/stm32l4xx_hal_pwr_ex.o
 .debug_frame   0x0000000000003420      0x1f4 Drivers/STM32L4xx_HAL_Driver/Src/stm32l4xx_hal_rcc.o
 .debug_frame   0x0000000000003614      0x33c Drivers/STM32L4xx_HAL_Driver/Src/stm32l4xx_hal_rcc_ex.o
 .debug_frame   0x0000000000003950      0x450 Drivers/STM32L4xx_HAL_Driver/Src/stm32l4xx_ll_usb.o
 .debug_frame   0x0000000000003da0       0x2c /opt/st/stm32cubeide_1.6.1/plugins/com.st.stm32cube.ide.mcu.externaltools.gnu-tools-for-stm32.9-2020-q2-update.linux64_1.5.0.202011040924/tools/bin/../lib/gcc/arm-none-eabi/9.3.1/../../../../arm-none-eabi/lib/thumb/v7e-m+fp/hard/libc_nano.a(lib_a-init.o)
 .debug_frame   0x0000000000003dcc       0x20 /opt/st/stm32cubeide_1.6.1/plugins/com.st.stm32cube.ide.mcu.externaltools.gnu-tools-for-stm32.9-2020-q2-update.linux64_1.5.0.202011040924/tools/bin/../lib/gcc/arm-none-eabi/9.3.1/../../../../arm-none-eabi/lib/thumb/v7e-m+fp/hard/libc_nano.a(lib_a-memset.o)
